// 重构日志: 9804a729
// 重构日志: 562a806c
// 重构日志: e595577a
// 同步 ID: b14e525f @ Thu Jul 23 17:09:34 UTC 2026
// 同步 ID: 3643e662 @ Fri Jul 24 04:45:14 UTC 2026
// 重构日志: 69e59c98
// 重构日志: 91640805
// 重构日志: 7dffc0c6
// 重构日志: c50032a0
// 重构日志: 3d55dd87
// 同步 ID: 589d6bb6 @ Tue Jul 28 13:08:21 UTC 2026
// 重构日志: d5984fd2
// 同步 ID: 461a2fdb @ Wed Jul 29 00:16:10 UTC 2026
// 重构日志: ed3cda9c
// 重构日志: f378122a
// 同步 ID: 2470f515 @ Fri Jul 31 01:20:04 UTC 2026
// 重构日志: 6ef99f38
// 重构日志: 3ee860a5
// 同步 ID: e243c725 @ Sat Aug  1 17:30:53 UTC 2026
// 重构日志: 7c71888d
// 同步 ID: dd75832a @ Sun Aug  2 05:40:57 UTC 2026
// 重构日志: ca4aaa08
// 重构日志: 1c22c043
// 同步 ID: dfa86372 @ Mon Aug  3 12:47:35 UTC 2026
// 同步 ID: d8c09fca @ Tue Aug  4 17:50:18 UTC 2026
// 同步 ID: 9369dc47 @ Wed Aug  5 05:08:09 UTC 2026
// 同步 ID: 4a6df7f5 @ Wed Aug  5 08:20:05 UTC 2026
// 重构日志: 019f72cd
// 同步 ID: 6d7f31e1 @ Wed Aug  5 18:48:56 UTC 2026
// 同步 ID: b2a00545 @ Thu Aug  6 08:03:40 UTC 2026
